
> expansepi@0.1.0 build
> next build

   Ôľ▓ Next.js 16.0.1 (Turbopack)

node.exe :  ÔÜá The "middleware" file convention is deprecated. Please use "proxy" instead. Learn more: https://nextjs.org/docs/messages/middleware-to-proxy
At line:1 char:1
+ & "C:\Program Files\nodejs/node.exe" "C:\Program Files\nodejs/node_mo ...
+ ~~~~~~~~~~~~~~~~~~~~~~~~~~~~~~~~~~~~~~~~~~~~~~~~~~~~~~~~~~~~~~~~~~~~~
    + CategoryInfo          : NotSpecified: ( ÔÜá The "middl...leware-to-proxy:String) [], RemoteException
    + FullyQualifiedErrorId : NativeCommandError
 
   Creating an optimized production build ...
 Ôťô Compiled successfully in 1196.9ms
   Running TypeScript ...
   Collecting page data ...
   Generating static pages (0/41) ...
   Generating static pages (10/41) 
   Generating static pages (20/41) 
   Generating static pages (30/41) 
 Ôťô Generating static pages (41/41) in 483.6ms
   Finalizing page optimization ...

Route (app)
Ôöî ÔŚő /_not-found
Ôöť ÔŚĆ /[lang]
Ôöé Ôöť /cs
Ôöé Ôöť /en
Ôöé Ôöö /ru
Ôöť ÔŚĆ /[lang]/blog
Ôöé Ôöť /cs/blog
Ôöé Ôöť /en/blog
Ôöé Ôöö /ru/blog
Ôöť ÔŚĆ /[lang]/blog/[slug]
Ôöé Ôöť /cs/blog/zaciname-s-pythonem-prvni-kroky
Ôöé Ôöť /en/blog/zaciname-s-pythonem-prvni-kroky
Ôöé Ôöť /ru/blog/zaciname-s-pythonem-prvni-kroky
Ôöé Ôöö [+6 more paths]
Ôöť ÔŚĆ /[lang]/kontakt
Ôöé Ôöť /cs/kontakt
Ôöé Ôöť /en/kontakt
Ôöé Ôöö /ru/kontakt
Ôöť ÔŚĆ /[lang]/kurzy
Ôöé Ôöť /cs/kurzy
Ôöé Ôöť /en/kurzy
Ôöé Ôöö /ru/kurzy
Ôöť ÔŚĆ /[lang]/kurzy/[slug]
Ôöé Ôöť /cs/kurzy/python-pro-zacatecniky
Ôöé Ôöť /en/kurzy/python-pro-zacatecniky
Ôöé Ôöö /ru/kurzy/python-pro-zacatecniky
Ôöť ÔŚĆ /[lang]/o-nas
Ôöé Ôöť /cs/o-nas
Ôöé Ôöť /en/o-nas
Ôöé Ôöö /ru/o-nas
Ôöť ÔŚĆ /[lang]/volne-pozice
Ôöé Ôöť /cs/volne-pozice
Ôöé Ôöť /en/volne-pozice
Ôöé Ôöö /ru/volne-pozice
Ôöť ÔŚĆ /[lang]/volne-pozice/[slug]
Ôöé Ôöť /cs/volne-pozice/senior-python-developer
Ôöé Ôöť /en/volne-pozice/senior-python-developer
Ôöé Ôöť /ru/volne-pozice/senior-python-developer
Ôöé Ôöö [+3 more paths]
Ôöť ÔŚő /robots.txt
Ôöö ÔŚő /sitemap.xml


Ăĺ Proxy (Middleware)

ÔŚő  (Static)  prerendered as static content
ÔŚĆ  (SSG)     prerendered as static HTML (uses generateStaticParams)

